{
  "version": "1.5.0",
  "plugins_used": [
    {
      "name": "ArtifactoryDetector"
    },
    {
      "name": "AWSKeyDetector"
    },
    {
      "name": "AzureStorageKeyDetector"
    },
    {
      "name": "Base64HighEntropyString",
      "limit": 4.5
    },
    {
      "name": "BasicAuthDetector"
    },
    {
      "name": "CloudantDetector"
    },
    {
      "name": "DiscordBotTokenDetector"
    },
    {
      "name": "GitHubTokenDetector"
    },
    {
      "name": "GitLabTokenDetector"
    },
    {
      "name": "HexHighEntropyString",
      "limit": 3.0
    },
    {
      "name": "IbmCloudIamDetector"
    },
    {
      "name": "IbmCosHmacDetector"
    },
    {
      "name": "IPPublicDetector"
    },
    {
      "name": "JwtTokenDetector"
    },
    {
      "name": "KeywordDetector",
      "keyword_exclude": ""
    },
    {
      "name": "MailchimpDetector"
    },
    {
      "name": "NpmDetector"
    },
    {
      "name": "OpenAIDetector"
    },
    {
      "name": "PrivateKeyDetector"
    },
    {
      "name": "PypiTokenDetector"
    },
    {
      "name": "SendGridDetector"
    },
    {
      "name": "SlackDetector"
    },
    {
      "name": "SoftlayerDetector"
    },
    {
      "name": "SquareOAuthDetector"
    },
    {
      "name": "StripeDetector"
    },
    {
      "name": "TelegramBotTokenDetector"
    },
    {
      "name": "TwilioKeyDetector"
    }
  ],
  "filters_used": [
    {
      "path": "detect_secrets.filters.allowlist.is_line_allowlisted"
    },
    {
      "path": "detect_secrets.filters.common.is_baseline_file",
      "filename": ".secrets.baseline"
    },
    {
      "path": "detect_secrets.filters.common.is_ignored_due_to_verification_policies",
      "min_level": 2
    },
    {
      "path": "detect_secrets.filters.heuristic.is_indirect_reference"
    },
    {
      "path": "detect_secrets.filters.heuristic.is_likely_id_string"
    },
    {
      "path": "detect_secrets.filters.heuristic.is_lock_file"
    },
    {
      "path": "detect_secrets.filters.heuristic.is_not_alphanumeric_string"
    },
    {
      "path": "detect_secrets.filters.heuristic.is_potential_uuid"
    },
    {
      "path": "detect_secrets.filters.heuristic.is_prefixed_with_dollar_sign"
    },
    {
      "path": "detect_secrets.filters.heuristic.is_sequential_string"
    },
    {
      "path": "detect_secrets.filters.heuristic.is_swagger_file"
    },
    {
      "path": "detect_secrets.filters.heuristic.is_templated_secret"
    }
  ],
  "results": {
    "apps/workbench/public/generated-demo/bundle.json": [
      {
        "type": "Hex High Entropy String",
        "filename": "apps/workbench/public/generated-demo/bundle.json",
        "hashed_secret": "5048764d3e8f9558a0917901c34917233b39b2e4",
        "is_verified": false,
        "line_number": 752
      },
      {
        "type": "Hex High Entropy String",
        "filename": "apps/workbench/public/generated-demo/bundle.json",
        "hashed_secret": "143de7da16b8f34600f10e155eac1d840e54ad48",
        "is_verified": false,
        "line_number": 762
      },
      {
        "type": "Hex High Entropy String",
        "filename": "apps/workbench/public/generated-demo/bundle.json",
        "hashed_secret": "ea591c1de6384cdbc83cca75ae3d801a73e5ba38",
        "is_verified": false,
        "line_number": 772
      },
      {
        "type": "Hex High Entropy String",
        "filename": "apps/workbench/public/generated-demo/bundle.json",
        "hashed_secret": "f9737f75b9dab5f71220af4369fcc796ccc539a7",
        "is_verified": false,
        "line_number": 782
      },
      {
        "type": "Hex High Entropy String",
        "filename": "apps/workbench/public/generated-demo/bundle.json",
        "hashed_secret": "f2b07797174ff46cda8fb78dc40646615b07804c",
        "is_verified": false,
        "line_number": 792
      },
      {
        "type": "Hex High Entropy String",
        "filename": "apps/workbench/public/generated-demo/bundle.json",
        "hashed_secret": "84442ddcbe22007e816bb274798491eb44df1576",
        "is_verified": false,
        "line_number": 842
      }
    ],
    "fixtures/demo/selection-manifest.v1.json": [
      {
        "type": "Hex High Entropy String",
        "filename": "fixtures/demo/selection-manifest.v1.json",
        "hashed_secret": "09ceb0b268830a1bdf47da26485c2c8dbccea0dc",
        "is_verified": false,
        "line_number": 41
      }
    ]
  },
  "generated_at": "2026-09-01T01:00:54Z"
}
